<beep>
<beep>(<beep>,<beep>): Breakpoint reached.
