<beep>
<beep>(<beep>,<beep>): Assertion might not hold: false
